*

U-Boot 0.2.0 (Jan 23 2007 - 17:47:26)

CPU:   MPC8245 V1.4 at 170.503 MHz:
Board: Sandpoint 8245
DRAM:  32 MB
FLASH: FUJI_DL323BE 
In:    serial
Out:   serial
Err:   serial
Space 1 key to stop autoboot:  0 
## Booting image at fff10000 ...
   Image Name:   Linux-2.4.21-pre4
   Image Type:   PowerPC Linux Kernel Image (gzip compressed)
   Data Size:    853695 Bytes = 833.7 kB
   Load Address: 00000000
   Entry Point:  00000000
 Verifying Checksum ... OK
   Uncompressing Kernel Image ... OK
## Loading RAMDisk Image at ffc20000 ...
   Image Name:   default
   Image Type:   PowerPC Linux RAMDisk Image (gzip compressed)
   Data Size:    2915350 Bytes =  2.8 MB
   Load Address: 00000000
   Entry Point:  00000000
   Verifying Checksum ... OK
   Loading Ramdisk to 01c67000, end 01f2ec16 ... OK
Total memory 33554432 MB.
Memory BAT mapping: BAT2=32Mb, BAT3=0Mb, residual: 0Mb
Total memory is 33554432.
CPU = 82xx
Linux version 2.4.21-pre4 (ffna@swtest2) (gcc version 2.95.4 20010319 (prerelease)) #480 ?? 4?? 28 11:21:43 CST 2006
OpenPIC_Addr in mpc10x_bridge_init function is fc040000 
Motorola SPS Sandpoint Test Platform
Port by MontaVista Software, Inc. (source@mvista.com)
On node 0 totalpages: 8192
zone(0): 8192 pages.
zone(1): 0 pages.
zone(2): 0 pages.
Kernel command line: root=/dev/ram console=ttyS0,9600
OpenPIC Version 1.2 (1 CPUs and 123 IRQ sources) at fc040000
Calibrating delay loop... 133.12 BogoMIPS
Memory: 27400k available (1560k kernel code, 512k data, 60k init, 0k highmem)
Dentry cache hash table entries: 4096 (order: 3, 32768 bytes)
Inode cache hash table entries: 2048 (order: 2, 16384 bytes)
Mount cache hash table entries: 512 (order: 0, 4096 bytes)
Buffer-cache hash table entries: 1024 (order: 0, 4096 bytes)
Page-cache hash table entries: 8192 (order: 3, 32768 bytes)
POSIX conformance testing by UNIFIX
PCI: Probing PCI hardware
PCI fixup irq: (PCI device 1033:0035) got 1
PCI fixup irq: (PCI device 1033:0035) got -1
PCI fixup irq: (PCI device 1033:00e0) got 2
PCI fixup irq: (PCI device 13f0:1023) got 3
PCI fixup irq: (PCI device 1191:0008) got 4
Linux NET4.0 for Linux 2.4
Based upon Swansea University Computer Society NET3.039
Initializing RT netlink socket
Starting kswapd
Journalled Block Device driver loaded
NTFS driver v1.1.22 [Flags: R/W]
udf: registering filesystem
Serial driver version 5.05c (2001-07-08) with MANY_PORTS SERIAL_PCI enabled
ttyS00 at 0xfc004500 (IOMEM)(irq = 121) is a ST16650
ttyS01 at 0xfc004600 (IOMEM)(irq = 122) is a ST16650
RAMDISK driver initialized: 16 RAM disks of 6144K size 1024 blocksize
loop: loaded (max 8 devices)
ipg : v0.36 10/31/01  Written by Craig Rich, www.sundanceti.com
IC PLUS IP1000 1000/100/10 based NIC found.
Ethernet device registered as: eth0
IPG module loaded.
SCSI subsystem driver Revision: 1.00
atp86x_detect: 
   ACARD ATP-865 PCI ATA133 2-Channels Host Adapter: 0    IO:FEBFFEF8, IRQ:4.
scsi0 : ACARD ATP86X PCI ATA133 Adapter Driver Ver: 0.78  Date: 2004/01/15

USI AMD/FUJITSU flash: probing 8-bit flash bus
 Amd/Fujitsu Extended Query Table at 0x0040
number of CFI chips: 1
cfi_cmdset_0002: Disabling fast programming due to code brokenness.
Creating 5 MTD partitions on "USI Intel flash":
0x00000000-0x00010000 : "Linux mtd1"
0x00010000-0x00020000 : "Linux mtd2"
0x00020000-0x00300000 : "Linux Ramdisk"
0x00300000-0x00310000 : "U-BOOT BOOT LOADER"
0x00310000-0x00400000 : "Linux Kernel"
usb.c: registered new driver hub
NET4: Linux TCP/IP 1.0 for NET4.0
IP Protocols: ICMP, UDP, TCP
IP: routing cache hash table of 512 buckets, 4Kbytes
TCP: Hash tables configured (established 2048 bind 2048)
RAMDISK: Compressed image found at block 0
Freeing initrd memory: 2847k freed
VFS: Mounted root (ext2 filesystem) readonly.
Freeing unused kernel memory: 60k init
init started:  BusyBox v1.0EXT2-fs warning: mounting unchecked fs, running e2fsck is recommended
0-pre1 (2005.10.27-08:04+0000) multi-call binary
init started:  BusyBox v1.00-pre1 (2005.10.27-08:04+0000) multi-call binary
Starting pid 12, console /dev/ttyS0: '/etc/rc.sh'
Check MTD block device V2.00.11092005
        MTDC: Mount MTD1 done.
        MTDC: Mount MTD2 done.
        MTDC: No need to copy file.
** mount mtd2
** umount mtd2
** copy mtd1 files
cp: /sys/mtd1/ftpaccess: No such file or directory
cp: /sys/mtd1/firmwareupdate: No such file or directory
mv: /sys/mtd1/restore: No such file or directory
** soft-link modules
6: No such file or directory
** set loopback interface
Using /sys/crfsbonding.c:v2.4.20-20021210 (December 10, 2002)
/br0 registered withri MII link monitoring set to 100 msdg, in fault-tolerance (active-backup) mode.
/br0 registered withboout ARP monitoring
bending.o
device    = /dev/mtdblock3
br0: released all slaves
interface = eth0
MAC = 00:80:5A:5C:14:A4
Link speed = undefined!
Link speed = undefined!
br0: enslaving eth0 as a backup interface with a down link.
** execute rc.init.sh
br0: releasing backup interface eth0.
br0: now running without any active interface !
Link speed = undefined!
br0: enslaving eth0 as a backup interface with a down link.
SIOCADDRT: Network is unreachable
Setting hostname .... Teddy

Unable to open /dev/sda
exit status 1 
check button V2.08.06302008
Link speed = 1000Mbps.
setting full duplex, TX flow control, RX flow control.
br0: link status definitely up for interface eth0.
 and making interface eth0 the active one.
Set Daylight :/usr/sbin/daylight f &
country = 66

br0 HWaddr 00:80:5A:5C:14:A4  
get last 2 items from MAC = 14 A4 
IP Now = 169.254.20.164

target = 169.254.20.164
ARPING to 169.254.20.164 from 0.0.0.0 via br0
Sent 2 probes (2 broadcast(s))
Received 0 reply
ARPING return value = 0

ifconfig: set interface br0:0 to 169.254.20.164

Set Timezone=1
get IP = 192.168.1.111
get IP = 169.254.20.164
1.06(1.62.0919.2008)
09/19/2008

** insert USB Host Controller modules

Using /lib/modules/ehci-hcd.o
ehci_hcd 00:0e.2: PCI device 1033:00e0
ehci_hcd 00:0e.2: irq 2, pci mem c3028f00
usb.c: new USB bus registered, assigned bus number 1
ehci_hcd 00:0e.2: USB 2.0 enabled, EHCI 1.00, driver 2003-Dec-29/2.4
hub.c: USB hub found
hub.c: 5 ports detected

Feb 11 12:51:17 crond[184]: crond 2.3.2 dillon, started, log level 8

Daylight mode : NONE

Using /lib/modules/usb-ohci.o
usb-ohci.c: USB OHCI at membase 0xc3031000, IRQ 1
usb-ohci.c: usb-00:0e.0, PCI device 1033:0035
usb.c: new USB bus registered, assigned bus number 2
hub.c: USB hub found
hub.c: 3 ports detected
usb-ohci.c: USB OHCI at membase 0xc3033000, IRQ -1
usb-ohci.c: usb-00:0e.1, PCI device 1033:0035
usb.c: new USB bus registered, assigned bus number 3
request_irq irq >= NR_IRQS fail 
usb-ohci.c: request interrupt -1 failed
usb.c: USB bus 3 deregistered

Trying to vfree() nonexistent vm area (c3033000)
op_server v3.01.07.03.2006
init socket fail!
mfg_search
kill: Usage: kill [-s sigspec | -signum | -sigspec] [pid | job]... or
kill -l [exitstatus]
/bin/upnpscript: /sys/custom/upnp/upnp: No such file or directory
/bin/upnpscript: /sys/custom/upnp/upnp: No such file or directory

Starting pid 236, console /dev/ttyS0: '/bin/sh'


BusyBox v1.00-pre1 (2005.10.27-08:04+0000) Built-in shell (ash)
Enter 'help' for a list of built-in commands.

Feb 11 12:51:18 crond[249]: crond 2.3.2 dillon, started, log level 8

Initializing USB Mass Storage driver...
my_host_number = 1
usb.c: registered new driver usb-storage
USB Mass Storage support registered.
